Jan 10 12:00:01 server sshd[1234]: Failed password for invalid user admin from 192.168.1.10 port 4242 ssh2
Jan 10 12:00:05 server sshd[1234]: Accepted password for user bob from 192.168.1.20 port 4242 ssh2
Jan 10 12:00:10 server sshd[1235]: Failed password for root from 192.168.1.30 port 5000 ssh2
